exports[`Error Classes allow Bad Request error 1`] = `[Error: Bad Request]`;

exports[`Error Classes allow Conflict error 1`] = `[Error: Conflict]`;

exports[`Error Classes allow Forbidden error 1`] = `[Error: Forbidden]`;

exports[`Error Classes allow Not Found error 1`] = `[Error: Not Found]`;

exports[`Error Classes allow Unauthorized error 1`] = `[Error: Unauthorized]`;

exports[`Error Classes allow Unsupported Media Type error 1`] = `[Error: Unsupported Media Type]`;
